12:26:54 **** Incremental Build of configuration GNU ARM v4.9.3 - Debug for project driver_at45dbxx_demo ****
make -j4 all 
Building file: ../src/main.c
Invoking: GNU ARM C Compiler
arm-none-eabi-gcc -g -gdwarf-2 -mcpu=cortex-m3 -mthumb -std=c99 '-DDEBUG=1' '-DEFM32GG990F1024=1' -I"C:\LocalProject\AT45DBXX Flash\driver_at45dbxx\inc" -I"C:/LocalProject/AT45DBXX Flash/driver_at45dbxx/inc" -I"C:/SiliconLabs/SimplicityStudio/v4/developer/sdks/gecko_sdk_suite/v1.1//platform/CMSIS/Include" -I"C:/SiliconLabs/SimplicityStudio/v4/developer/sdks/gecko_sdk_suite/v1.1//hardware/kit/common/bsp" -I"C:/SiliconLabs/SimplicityStudio/v4/developer/sdks/gecko_sdk_suite/v1.1//hardware/kit/EFM32GG_STK3700/config" -I"C:/SiliconLabs/SimplicityStudio/v4/developer/sdks/gecko_sdk_suite/v1.1//platform/Device/SiliconLabs/EFM32GG/Include" -I"C:/SiliconLabs/SimplicityStudio/v4/developer/sdks/gecko_sdk_suite/v1.1//platform/emlib/inc" -I"C:/SiliconLabs/SimplicityStudio/v4/developer/sdks/gecko_sdk_suite/v1.1//platform/emdrv/common/inc" -I"C:/SiliconLabs/SimplicityStudio/v4/developer/sdks/gecko_sdk_suite/v1.1//platform/emdrv/dmadrv/config" -I"C:/SiliconLabs/SimplicityStudio/v4/developer/sdks/gecko_sdk_suite/v1.1//platform/emdrv/ezradiodrv/config" -I"C:/SiliconLabs/SimplicityStudio/v4/developer/sdks/gecko_sdk_suite/v1.1//platform/emdrv/nvm/config" -I"C:/SiliconLabs/SimplicityStudio/v4/developer/sdks/gecko_sdk_suite/v1.1//platform/emdrv/rtcdrv/config" -I"C:/SiliconLabs/SimplicityStudio/v4/developer/sdks/gecko_sdk_suite/v1.1//platform/emdrv/spidrv/config" -I"C:/SiliconLabs/SimplicityStudio/v4/developer/sdks/gecko_sdk_suite/v1.1//platform/emdrv/tempdrv/config" -I"C:/SiliconLabs/SimplicityStudio/v4/developer/sdks/gecko_sdk_suite/v1.1//platform/emdrv/uartdrv/config" -I"C:/SiliconLabs/SimplicityStudio/v4/developer/sdks/gecko_sdk_suite/v1.1//platform/emdrv/ustimer/config" -I"C:/SiliconLabs/SimplicityStudio/v4/developer/sdks/gecko_sdk_suite/v1.1//hardware/kit/common/drivers" -I"C:/SiliconLabs/SimplicityStudio/v4/developer/sdks/gecko_sdk_suite/v1.1//platform/emdrv/dmadrv/inc" -I"C:/SiliconLabs/SimplicityStudio/v4/developer/sdks/gecko_sdk_suite/v1.1//platform/emdrv/gpiointerrupt/inc" -I"C:/SiliconLabs/SimplicityStudio/v4/developer/sdks/gecko_sdk_suite/v1.1//platform/emdrv/nvm/inc" -I"C:/SiliconLabs/SimplicityStudio/v4/developer/sdks/gecko_sdk_suite/v1.1//platform/emdrv/rtcdrv/inc" -I"C:/SiliconLabs/SimplicityStudio/v4/developer/sdks/gecko_sdk_suite/v1.1//platform/emdrv/sleep/inc" -I"C:/SiliconLabs/SimplicityStudio/v4/developer/sdks/gecko_sdk_suite/v1.1//platform/emdrv/spidrv/inc" -I"C:/SiliconLabs/SimplicityStudio/v4/developer/sdks/gecko_sdk_suite/v1.1//platform/emdrv/uartdrv/inc" -I"C:/SiliconLabs/SimplicityStudio/v4/developer/sdks/gecko_sdk_suite/v1.1//platform/emdrv/ustimer/inc" -I"C:/SiliconLabs/SimplicityStudio/v4/developer/sdks/gecko_sdk_suite/v1.1//platform/emdrv/tempdrv/inc" -O0 -Wall -c -fmessage-length=0 -mno-sched-prolog -fno-builtin -ffunction-sections -fdata-sections -MMD -MP -MF"src/main.d" -MT"src/main.o" -o "src/main.o" "../src/main.c"
In file included from ../src/main.c:9:0:
c:\siliconlabs\simplicitystudio\v4\developer\sdks\gecko_sdk_suite\v1.1\platform\emlib\inc\em_int.h:49:2: warning: #warning "The INT module is deprecated and marked for removal in a later release. Please use the new CORE module instead. See \"Porting from em_int\" in the CORE documentation for instructions." [-Wcpp]
 #warning "The INT module is deprecated and marked for removal in a later release. Please use the new CORE module instead. See \"Porting from em_int\" in the CORE documentation for instructions."
  ^
../src/main.c: In function 'main':
../src/main.c:40:2: warning: implicit declaration of function 'memset' [-Wimplicit-function-declaration]
  memset(tx_data,0x00,PAGE_SIZE);
  ^
Finished building: ../src/main.c
 
Building target: driver_at45dbxx_demo.axf
Invoking: GNU ARM C Linker
arm-none-eabi-gcc -g -gdwarf-2 -mcpu=cortex-m3 -mthumb -T "driver_at45dbxx_demo.ld" -Xlinker --gc-sections -Xlinker -Map="driver_at45dbxx_demo.map" --specs=nano.specs -o driver_at45dbxx_demo.axf "./CMSIS/EFM32GG/startup_gcc_efm32gg.o" "./CMSIS/EFM32GG/system_efm32gg.o" "./Drivers/dmactrl.o" "./Drivers/dmadrv.o" "./Drivers/rtcdriver.o" "./Drivers/spidrv.o" "./emlib/em_assert.o" "./emlib/em_cmu.o" "./emlib/em_core.o" "./emlib/em_dma.o" "./emlib/em_emu.o" "./emlib/em_gpio.o" "./emlib/em_int.o" "./emlib/em_rtc.o" "./emlib/em_system.o" "./emlib/em_timer.o" "./emlib/em_usart.o" "./src/InitDevice.o" "./src/driver_at45dbxx.o" "./src/main.o" "./src/utilities.o" -Wl,--start-group -lgcc -lc -lnosys -Wl,--end-group
Finished building target: driver_at45dbxx_demo.axf
 
Building hex file: driver_at45dbxx_demo.hex
arm-none-eabi-objcopy -O ihex "driver_at45dbxx_demo.axf" "driver_at45dbxx_demo.hex"
 
Building bin file: driver_at45dbxx_demo.bin
arm-none-eabi-objcopy -O binary "driver_at45dbxx_demo.axf" "driver_at45dbxx_demo.bin"
 
Building s37 file: driver_at45dbxx_demo.s37
arm-none-eabi-objcopy -O srec "driver_at45dbxx_demo.axf" "driver_at45dbxx_demo.s37"
 
Running size tool
arm-none-eabi-size "driver_at45dbxx_demo.axf"
   text	   data	    bss	    dec	    hex	filename
  17260	    124	   1392	  18776	   4958	driver_at45dbxx_demo.axf
 

12:26:58 Build Finished (took 3s.803ms)

